Copyright 1986-2019 Xilinx, Inc. All Rights Reserved.
------------------------------------------------------------------------------------------------------------------
| Tool Version : Vivado v.2019.1 (win64) Build 2552052 Fri May 24 14:49:42 MDT 2019
| Date         : Thu Sep 24 12:01:06 2020
| Host         : DESKTOP-7QAIPHN running 64-bit major release  (build 9200)
| Command      : report_control_sets -verbose -file zynq_interrupt_system_3_gpios_wrapper_control_sets_placed.rpt
| Design       : zynq_interrupt_system_3_gpios_wrapper
| Device       : xc7z010
------------------------------------------------------------------------------------------------------------------

Control Set Information

Table of Contents
-----------------
1. Summary
2. Histogram
3. Flip-Flop Distribution
4. Detailed Control Set Information

1. Summary
----------

+----------------------------------------------------------+-------+
|                          Status                          | Count |
+----------------------------------------------------------+-------+
| Total control sets                                       |    70 |
|    Minimum number of control sets                        |    70 |
|    Addition due to synthesis replication                 |     0 |
|    Addition due to physical synthesis replication        |     0 |
| Unused register locations in slices containing registers |   192 |
+----------------------------------------------------------+-------+
* Control sets can be merged at opt_design using control_set_merge or merge_equivalent_drivers
** Run report_qor_suggestions for automated merging and remapping suggestions


2. Histogram
------------

+--------------------+-------+
|       Fanout       | Count |
+--------------------+-------+
| Total control sets |    70 |
| >= 0 to < 4        |     5 |
| >= 4 to < 6        |    23 |
| >= 6 to < 8        |     4 |
| >= 8 to < 10       |     5 |
| >= 10 to < 12      |     2 |
| >= 12 to < 14      |     7 |
| >= 14 to < 16      |     2 |
| >= 16              |    22 |
+--------------------+-------+
* Control sets can be remapped at either synth_design or opt_design


3. Flip-Flop Distribution
-------------------------

+--------------+-----------------------+------------------------+-----------------+--------------+
| Clock Enable | Synchronous Set/Reset | Asynchronous Set/Reset | Total Registers | Total Slices |
+--------------+-----------------------+------------------------+-----------------+--------------+
| No           | No                    | No                     |             223 |           68 |
| No           | No                    | Yes                    |               0 |            0 |
| No           | Yes                   | No                     |             172 |           66 |
| Yes          | No                    | No                     |             439 |           98 |
| Yes          | No                    | Yes                    |               0 |            0 |
| Yes          | Yes                   | No                     |             326 |          115 |
+--------------+-----------------------+------------------------+-----------------+--------------+


4. Detailed Control Set Information
-----------------------------------

+----------------------------------------------------------------------+-------------------------------------------------------------------------------------------------------------------------------------------------------------------------------------+----------------------------------------------------------------------------------------------------------------------------------------------------------------------------+------------------+----------------+
|                             Clock Signal                             |                                                                                    Enable Signal                                                                                    |                                                                              Set/Reset Signal                                                                              | Slice Load Count | Bel Load Count |
+----------------------------------------------------------------------+-------------------------------------------------------------------------------------------------------------------------------------------------------------------------------------+----------------------------------------------------------------------------------------------------------------------------------------------------------------------------+------------------+----------------+
|  zynq_interrupt_system_3_gpios_i/processing_system7_0/inst/FCLK_CLK0 |                                                                                                                                                                                     | zynq_interrupt_system_3_gpios_i/axi_timer_0/U0/AXI4_LITE_I/I_SLAVE_ATTACHMENT/I_DECODER/GEN_BKEND_CE_REGISTERS[4].ce_out_i_reg[4]_0                                        |                1 |              1 |
|  zynq_interrupt_system_3_gpios_i/processing_system7_0/inst/FCLK_CLK0 |                                                                                                                                                                                     | zynq_interrupt_system_3_gpios_i/axi_timer_0/U0/TC_CORE_I/TIMER_CONTROL_I/R_0                                                                                               |                1 |              1 |
|  zynq_interrupt_system_3_gpios_i/processing_system7_0/inst/FCLK_CLK0 |                                                                                                                                                                                     | zynq_interrupt_system_3_gpios_i/axi_timer_0/U0/TC_CORE_I/TIMER_CONTROL_I/READ_DONE1_I_i_1_n_0                                                                              |                1 |              1 |
|  zynq_interrupt_system_3_gpios_i/processing_system7_0/inst/FCLK_CLK0 |                                                                                                                                                                                     | zynq_interrupt_system_3_gpios_i/axi_timer_0/U0/AXI4_LITE_I/I_SLAVE_ATTACHMENT/I_DECODER/GEN_BKEND_CE_REGISTERS[0].ce_out_i_reg[0]_0                                        |                1 |              1 |
|  zynq_interrupt_system_3_gpios_i/processing_system7_0/inst/FCLK_CLK0 | zynq_interrupt_system_3_gpios_i/ps7_0_axi_periph/s00_couplers/auto_pc/inst/gen_axilite.gen_b2s_conv.axilite_b2s/WR.b_channel_0/bid_fifo_0/bresp_push                                |                                                                                                                                                                            |                1 |              2 |
|  zynq_interrupt_system_3_gpios_i/processing_system7_0/inst/FCLK_CLK0 |                                                                                                                                                                                     | zynq_interrupt_system_3_gpios_i/axi_gpio_1/U0/gpio_core_1/Read_Reg_Rst__0                                                                                                  |                2 |              4 |
|  zynq_interrupt_system_3_gpios_i/processing_system7_0/inst/FCLK_CLK0 |                                                                                                                                                                                     | zynq_interrupt_system_3_gpios_i/rst_ps7_0_100M/U0/EXT_LPF/lpf_int                                                                                                          |                3 |              4 |
|  zynq_interrupt_system_3_gpios_i/processing_system7_0/inst/FCLK_CLK0 |                                                                                                                                                                                     | zynq_interrupt_system_3_gpios_i/axi_gpio_1/U0/AXI_LITE_IPIF_I/I_SLAVE_ATTACHMENT/clear                                                                                     |                1 |              4 |
|  zynq_interrupt_system_3_gpios_i/processing_system7_0/inst/FCLK_CLK0 |                                                                                                                                                                                     | zynq_interrupt_system_3_gpios_i/axi_gpio_2/U0/AXI_LITE_IPIF_I/I_SLAVE_ATTACHMENT/I_DECODER/bus2ip_rnw_i_reg_0                                                              |                1 |              4 |
|  zynq_interrupt_system_3_gpios_i/processing_system7_0/inst/FCLK_CLK0 |                                                                                                                                                                                     | zynq_interrupt_system_3_gpios_i/axi_gpio_2/U0/AXI_LITE_IPIF_I/I_SLAVE_ATTACHMENT/clear                                                                                     |                1 |              4 |
|  zynq_interrupt_system_3_gpios_i/processing_system7_0/inst/FCLK_CLK0 |                                                                                                                                                                                     | zynq_interrupt_system_3_gpios_i/axi_gpio_0/U0/AXI_LITE_IPIF_I/I_SLAVE_ATTACHMENT/clear                                                                                     |                1 |              4 |
|  zynq_interrupt_system_3_gpios_i/processing_system7_0/inst/FCLK_CLK0 |                                                                                                                                                                                     | zynq_interrupt_system_3_gpios_i/axi_gpio_0/U0/gpio_core_1/Not_Dual.ALLIN1_ND.READ_REG_GEN[3].reg1[31]_i_1_n_0                                                              |                1 |              4 |
|  zynq_interrupt_system_3_gpios_i/processing_system7_0/inst/FCLK_CLK0 | zynq_interrupt_system_3_gpios_i/axi_gpio_1/U0/AXI_LITE_IPIF_I/I_SLAVE_ATTACHMENT/bus2ip_addr_i[8]_i_1_n_0                                                                           | zynq_interrupt_system_3_gpios_i/axi_gpio_1/U0/AXI_LITE_IPIF_I/I_SLAVE_ATTACHMENT/SR[0]                                                                                     |                1 |              4 |
|  zynq_interrupt_system_3_gpios_i/processing_system7_0/inst/FCLK_CLK0 | zynq_interrupt_system_3_gpios_i/axi_gpio_0/U0/AXI_LITE_IPIF_I/I_SLAVE_ATTACHMENT/I_DECODER/MEM_DECODE_GEN[0].cs_out_i_reg[0]_1[0]                                                   | zynq_interrupt_system_3_gpios_i/axi_gpio_0/U0/bus2ip_reset                                                                                                                 |                1 |              4 |
|  zynq_interrupt_system_3_gpios_i/processing_system7_0/inst/FCLK_CLK0 | zynq_interrupt_system_3_gpios_i/axi_gpio_2/U0/AXI_LITE_IPIF_I/I_SLAVE_ATTACHMENT/bus2ip_addr_i[8]_i_1_n_0                                                                           | zynq_interrupt_system_3_gpios_i/axi_gpio_2/U0/AXI_LITE_IPIF_I/I_SLAVE_ATTACHMENT/SR[0]                                                                                     |                1 |              4 |
|  zynq_interrupt_system_3_gpios_i/processing_system7_0/inst/FCLK_CLK0 | zynq_interrupt_system_3_gpios_i/axi_gpio_2/U0/AXI_LITE_IPIF_I/I_SLAVE_ATTACHMENT/start2                                                                                             | zynq_interrupt_system_3_gpios_i/axi_gpio_2/U0/AXI_LITE_IPIF_I/I_SLAVE_ATTACHMENT/I_DECODER/cs_ce_clr                                                                       |                1 |              4 |
|  zynq_interrupt_system_3_gpios_i/processing_system7_0/inst/FCLK_CLK0 | zynq_interrupt_system_3_gpios_i/axi_gpio_1/U0/AXI_LITE_IPIF_I/I_SLAVE_ATTACHMENT/start2                                                                                             | zynq_interrupt_system_3_gpios_i/axi_gpio_1/U0/AXI_LITE_IPIF_I/I_SLAVE_ATTACHMENT/I_DECODER/cs_ce_clr                                                                       |                2 |              4 |
|  zynq_interrupt_system_3_gpios_i/processing_system7_0/inst/FCLK_CLK0 | zynq_interrupt_system_3_gpios_i/axi_timer_0/U0/AXI4_LITE_I/I_SLAVE_ATTACHMENT/I_DECODER/pair0_Select                                                                                | zynq_interrupt_system_3_gpios_i/axi_timer_0/U0/TC_CORE_I/GEN_SECOND_TIMER.COUNTER_1_I/COUNTER_I/s_axi_aresetn_0                                                            |                1 |              4 |
|  zynq_interrupt_system_3_gpios_i/processing_system7_0/inst/FCLK_CLK0 |                                                                                                                                                                                     | zynq_interrupt_system_3_gpios_i/ps7_0_axi_periph/s00_couplers/auto_pc/inst/gen_axilite.gen_b2s_conv.axilite_b2s/SI_REG/ar.ar_pipe/aresetn_d_reg[1]_inv_0                   |                4 |              4 |
|  zynq_interrupt_system_3_gpios_i/processing_system7_0/inst/FCLK_CLK0 |                                                                                                                                                                                     | zynq_interrupt_system_3_gpios_i/ps7_0_axi_periph/s00_couplers/auto_pc/inst/gen_axilite.gen_b2s_conv.axilite_b2s/SI_REG/aw.aw_pipe/aresetn_d_reg[0]_0                       |                3 |              4 |
|  zynq_interrupt_system_3_gpios_i/processing_system7_0/inst/FCLK_CLK0 | zynq_interrupt_system_3_gpios_i/axi_gpio_2/U0/AXI_LITE_IPIF_I/I_SLAVE_ATTACHMENT/I_DECODER/bus2ip_rnw_i_reg[0]                                                                      | zynq_interrupt_system_3_gpios_i/axi_gpio_2/U0/AXI_LITE_IPIF_I/I_SLAVE_ATTACHMENT/SR[0]                                                                                     |                1 |              4 |
|  zynq_interrupt_system_3_gpios_i/processing_system7_0/inst/FCLK_CLK0 | zynq_interrupt_system_3_gpios_i/axi_timer_0/U0/AXI4_LITE_I/I_SLAVE_ATTACHMENT/bus2ip_addr_i[4]_i_1_n_0                                                                              | zynq_interrupt_system_3_gpios_i/axi_timer_0/U0/AXI4_LITE_I/I_SLAVE_ATTACHMENT/rst                                                                                          |                1 |              4 |
|  zynq_interrupt_system_3_gpios_i/processing_system7_0/inst/FCLK_CLK0 | zynq_interrupt_system_3_gpios_i/axi_gpio_1/U0/AXI_LITE_IPIF_I/I_SLAVE_ATTACHMENT/s_axi_rresp_i                                                                                      | zynq_interrupt_system_3_gpios_i/axi_gpio_1/U0/AXI_LITE_IPIF_I/I_SLAVE_ATTACHMENT/SR[0]                                                                                     |                1 |              5 |
|  zynq_interrupt_system_3_gpios_i/processing_system7_0/inst/FCLK_CLK0 | zynq_interrupt_system_3_gpios_i/axi_gpio_2/U0/AXI_LITE_IPIF_I/I_SLAVE_ATTACHMENT/s_axi_rresp_i                                                                                      | zynq_interrupt_system_3_gpios_i/axi_gpio_2/U0/AXI_LITE_IPIF_I/I_SLAVE_ATTACHMENT/SR[0]                                                                                     |                1 |              5 |
|  zynq_interrupt_system_3_gpios_i/processing_system7_0/inst/FCLK_CLK0 | zynq_interrupt_system_3_gpios_i/ps7_0_axi_periph/s00_couplers/auto_pc/inst/gen_axilite.gen_b2s_conv.axilite_b2s/WR.aw_channel_0/aw_cmd_fsm_0/m_valid_i_reg_0                        | zynq_interrupt_system_3_gpios_i/ps7_0_axi_periph/s00_couplers/auto_pc/inst/gen_axilite.gen_b2s_conv.axilite_b2s/WR.aw_channel_0/aw_cmd_fsm_0/m_valid_i_reg                 |                3 |              5 |
|  zynq_interrupt_system_3_gpios_i/processing_system7_0/inst/FCLK_CLK0 | zynq_interrupt_system_3_gpios_i/ps7_0_axi_periph/s00_couplers/auto_pc/inst/gen_axilite.gen_b2s_conv.axilite_b2s/RD.r_channel_0/transaction_fifo_0/E[0]                              | zynq_interrupt_system_3_gpios_i/ps7_0_axi_periph/s00_couplers/auto_pc/inst/gen_axilite.gen_b2s_conv.axilite_b2s/areset_d1                                                  |                3 |              5 |
|  zynq_interrupt_system_3_gpios_i/processing_system7_0/inst/FCLK_CLK0 | zynq_interrupt_system_3_gpios_i/ps7_0_axi_periph/s00_couplers/auto_pc/inst/gen_axilite.gen_b2s_conv.axilite_b2s/RD.ar_channel_0/ar_cmd_fsm_0/m_axi_arready_0                        | zynq_interrupt_system_3_gpios_i/ps7_0_axi_periph/s00_couplers/auto_pc/inst/gen_axilite.gen_b2s_conv.axilite_b2s/RD.ar_channel_0/ar_cmd_fsm_0/FSM_sequential_state_reg[1]_0 |                2 |              5 |
|  zynq_interrupt_system_3_gpios_i/processing_system7_0/inst/FCLK_CLK0 | zynq_interrupt_system_3_gpios_i/ps7_0_axi_periph/s00_couplers/auto_pc/inst/gen_axilite.gen_b2s_conv.axilite_b2s/RD.r_channel_0/transaction_fifo_0/cnt_read[4]_i_1__0_n_0            | zynq_interrupt_system_3_gpios_i/ps7_0_axi_periph/s00_couplers/auto_pc/inst/gen_axilite.gen_b2s_conv.axilite_b2s/areset_d1                                                  |                2 |              5 |
|  zynq_interrupt_system_3_gpios_i/processing_system7_0/inst/FCLK_CLK0 | zynq_interrupt_system_3_gpios_i/rst_ps7_0_100M/U0/SEQ/seq_cnt_en                                                                                                                    | zynq_interrupt_system_3_gpios_i/rst_ps7_0_100M/U0/SEQ/SEQ_COUNTER/clear                                                                                                    |                1 |              6 |
|  zynq_interrupt_system_3_gpios_i/processing_system7_0/inst/FCLK_CLK0 |                                                                                                                                                                                     | zynq_interrupt_system_3_gpios_i/axi_timer_0/U0/AXI4_LITE_I/I_SLAVE_ATTACHMENT/INCLUDE_DPHASE_TIMER.dpto_cnt[5]_i_1_n_0                                                     |                2 |              6 |
|  zynq_interrupt_system_3_gpios_i/processing_system7_0/inst/FCLK_CLK0 | zynq_interrupt_system_3_gpios_i/axi_gpio_0/U0/AXI_LITE_IPIF_I/I_SLAVE_ATTACHMENT/s_axi_rresp_i                                                                                      | zynq_interrupt_system_3_gpios_i/axi_gpio_0/U0/bus2ip_reset                                                                                                                 |                2 |              6 |
|  zynq_interrupt_system_3_gpios_i/processing_system7_0/inst/FCLK_CLK0 | zynq_interrupt_system_3_gpios_i/axi_timer_0/U0/AXI4_LITE_I/I_SLAVE_ATTACHMENT/start2                                                                                                | zynq_interrupt_system_3_gpios_i/axi_timer_0/U0/AXI4_LITE_I/I_SLAVE_ATTACHMENT/I_DECODER/cs_ce_clr                                                                          |                2 |              7 |
|  zynq_interrupt_system_3_gpios_i/processing_system7_0/inst/FCLK_CLK0 | zynq_interrupt_system_3_gpios_i/ps7_0_axi_periph/s00_couplers/auto_pc/inst/gen_axilite.gen_b2s_conv.axilite_b2s/WR.b_channel_0/mhandshake_r                                         | zynq_interrupt_system_3_gpios_i/ps7_0_axi_periph/s00_couplers/auto_pc/inst/gen_axilite.gen_b2s_conv.axilite_b2s/WR.b_channel_0/bid_fifo_0/SR[0]                            |                3 |              8 |
|  zynq_interrupt_system_3_gpios_i/processing_system7_0/inst/FCLK_CLK0 | zynq_interrupt_system_3_gpios_i/axi_gpio_0/U0/AXI_LITE_IPIF_I/I_SLAVE_ATTACHMENT/bus2ip_addr_i[8]_i_1_n_0                                                                           | zynq_interrupt_system_3_gpios_i/axi_gpio_0/U0/bus2ip_reset                                                                                                                 |                2 |              8 |
|  zynq_interrupt_system_3_gpios_i/processing_system7_0/inst/FCLK_CLK0 | zynq_interrupt_system_3_gpios_i/axi_timer_0/U0/AXI4_LITE_I/I_SLAVE_ATTACHMENT/I_DECODER/bus2ip_wrce[0]                                                                              | zynq_interrupt_system_3_gpios_i/axi_timer_0/U0/TC_CORE_I/GEN_SECOND_TIMER.COUNTER_1_I/COUNTER_I/s_axi_aresetn_0                                                            |                3 |              8 |
|  zynq_interrupt_system_3_gpios_i/processing_system7_0/inst/FCLK_CLK0 | zynq_interrupt_system_3_gpios_i/axi_gpio_1/U0/AXI_LITE_IPIF_I/I_SLAVE_ATTACHMENT/I_DECODER/E[0]                                                                                     | zynq_interrupt_system_3_gpios_i/axi_gpio_1/U0/AXI_LITE_IPIF_I/I_SLAVE_ATTACHMENT/SR[0]                                                                                     |                1 |              8 |
|  zynq_interrupt_system_3_gpios_i/processing_system7_0/inst/FCLK_CLK0 | zynq_interrupt_system_3_gpios_i/axi_timer_0/U0/AXI4_LITE_I/I_SLAVE_ATTACHMENT/I_DECODER/bus2ip_wrce[1]                                                                              | zynq_interrupt_system_3_gpios_i/axi_timer_0/U0/TC_CORE_I/GEN_SECOND_TIMER.COUNTER_1_I/COUNTER_I/s_axi_aresetn_0                                                            |                4 |              9 |
|  zynq_interrupt_system_3_gpios_i/processing_system7_0/inst/FCLK_CLK0 |                                                                                                                                                                                     | zynq_interrupt_system_3_gpios_i/ps7_0_axi_periph/s00_couplers/auto_pc/inst/gen_axilite.gen_b2s_conv.axilite_b2s/areset_d1                                                  |                3 |             10 |
|  zynq_interrupt_system_3_gpios_i/processing_system7_0/inst/FCLK_CLK0 |                                                                                                                                                                                     | zynq_interrupt_system_3_gpios_i/axi_timer_0/U0/AXI4_LITE_I/I_SLAVE_ATTACHMENT/rst                                                                                          |                4 |             11 |
|  zynq_interrupt_system_3_gpios_i/processing_system7_0/inst/FCLK_CLK0 |                                                                                                                                                                                     | zynq_interrupt_system_3_gpios_i/axi_timer_0/U0/TC_CORE_I/GEN_SECOND_TIMER.COUNTER_1_I/COUNTER_I/s_axi_aresetn_0                                                            |                5 |             12 |
|  zynq_interrupt_system_3_gpios_i/processing_system7_0/inst/FCLK_CLK0 | zynq_interrupt_system_3_gpios_i/ps7_0_axi_periph/s00_couplers/auto_pc/inst/gen_axilite.gen_b2s_conv.axilite_b2s/WR.aw_channel_0/aw_cmd_fsm_0/E[0]                                   |                                                                                                                                                                            |                5 |             12 |
|  zynq_interrupt_system_3_gpios_i/processing_system7_0/inst/FCLK_CLK0 | zynq_interrupt_system_3_gpios_i/ps7_0_axi_periph/s00_couplers/auto_pc/inst/gen_axilite.gen_b2s_conv.axilite_b2s/WR.aw_channel_0/cmd_translator_0/incr_cmd_0/axaddr_incr[11]_i_1_n_0 |                                                                                                                                                                            |                3 |             12 |
|  zynq_interrupt_system_3_gpios_i/processing_system7_0/inst/FCLK_CLK0 | zynq_interrupt_system_3_gpios_i/ps7_0_axi_periph/s00_couplers/auto_pc/inst/gen_axilite.gen_b2s_conv.axilite_b2s/RD.ar_channel_0/ar_cmd_fsm_0/sel_first_reg[0]                       |                                                                                                                                                                            |                2 |             12 |
|  zynq_interrupt_system_3_gpios_i/processing_system7_0/inst/FCLK_CLK0 | zynq_interrupt_system_3_gpios_i/ps7_0_axi_periph/s00_couplers/auto_pc/inst/gen_axilite.gen_b2s_conv.axilite_b2s/RD.ar_channel_0/ar_cmd_fsm_0/E[0]                                   |                                                                                                                                                                            |                5 |             12 |
|  zynq_interrupt_system_3_gpios_i/processing_system7_0/inst/FCLK_CLK0 |                                                                                                                                                                                     | zynq_interrupt_system_3_gpios_i/ps7_0_axi_periph/xbar/inst/gen_sasd.crossbar_sasd_0/addr_arbiter_inst/SR[0]                                                                |                4 |             13 |
|  zynq_interrupt_system_3_gpios_i/processing_system7_0/inst/FCLK_CLK0 | zynq_interrupt_system_3_gpios_i/ps7_0_axi_periph/s00_couplers/auto_pc/inst/gen_axilite.gen_b2s_conv.axilite_b2s/RD.r_channel_0/r_push_r                                             |                                                                                                                                                                            |                4 |             13 |
|  zynq_interrupt_system_3_gpios_i/processing_system7_0/inst/FCLK_CLK0 | zynq_interrupt_system_3_gpios_i/ps7_0_axi_periph/s00_couplers/auto_pc/inst/gen_axilite.gen_b2s_conv.axilite_b2s/SI_REG/b.b_pipe/s_ready_i_reg_0                                     |                                                                                                                                                                            |                2 |             14 |
|  zynq_interrupt_system_3_gpios_i/processing_system7_0/inst/FCLK_CLK0 | zynq_interrupt_system_3_gpios_i/ps7_0_axi_periph/s00_couplers/auto_pc/inst/gen_axilite.gen_b2s_conv.axilite_b2s/SI_REG/b.b_pipe/p_1_in                                              |                                                                                                                                                                            |                3 |             14 |
|  zynq_interrupt_system_3_gpios_i/processing_system7_0/inst/FCLK_CLK0 | zynq_interrupt_system_3_gpios_i/ps7_0_axi_periph/s00_couplers/auto_pc/inst/gen_axilite.gen_b2s_conv.axilite_b2s/WR.aw_channel_0/aw_cmd_fsm_0/b_push                                 |                                                                                                                                                                            |                3 |             16 |
|  zynq_interrupt_system_3_gpios_i/processing_system7_0/inst/FCLK_CLK0 |                                                                                                                                                                                     | zynq_interrupt_system_3_gpios_i/axi_gpio_1/U0/AXI_LITE_IPIF_I/I_SLAVE_ATTACHMENT/SR[0]                                                                                     |                7 |             20 |
|  zynq_interrupt_system_3_gpios_i/processing_system7_0/inst/FCLK_CLK0 |                                                                                                                                                                                     | zynq_interrupt_system_3_gpios_i/axi_gpio_2/U0/AXI_LITE_IPIF_I/I_SLAVE_ATTACHMENT/SR[0]                                                                                     |                7 |             20 |
|  zynq_interrupt_system_3_gpios_i/processing_system7_0/inst/FCLK_CLK0 | zynq_interrupt_system_3_gpios_i/ps7_0_axi_periph/s00_couplers/auto_pc/inst/gen_axilite.gen_b2s_conv.axilite_b2s/WR.aw_channel_0/aw_cmd_fsm_0/m_valid_i_reg_0                        |                                                                                                                                                                            |               11 |             21 |
|  zynq_interrupt_system_3_gpios_i/processing_system7_0/inst/FCLK_CLK0 | zynq_interrupt_system_3_gpios_i/ps7_0_axi_periph/s00_couplers/auto_pc/inst/gen_axilite.gen_b2s_conv.axilite_b2s/RD.ar_channel_0/ar_cmd_fsm_0/m_axi_arready_0                        |                                                                                                                                                                            |                8 |             21 |
|  zynq_interrupt_system_3_gpios_i/processing_system7_0/inst/FCLK_CLK0 | zynq_interrupt_system_3_gpios_i/axi_gpio_0/U0/AXI_LITE_IPIF_I/I_SLAVE_ATTACHMENT/start2                                                                                             | zynq_interrupt_system_3_gpios_i/axi_gpio_0/U0/AXI_LITE_IPIF_I/I_SLAVE_ATTACHMENT/I_DECODER/cs_ce_clr                                                                       |                4 |             21 |
|  zynq_interrupt_system_3_gpios_i/processing_system7_0/inst/FCLK_CLK0 | zynq_interrupt_system_3_gpios_i/ps7_0_axi_periph/xbar/inst/gen_sasd.crossbar_sasd_0/addr_arbiter_inst/p_0_in1_in                                                                    | zynq_interrupt_system_3_gpios_i/ps7_0_axi_periph/xbar/inst/gen_sasd.crossbar_sasd_0/addr_arbiter_inst/SR[0]                                                                |                9 |             23 |
|  zynq_interrupt_system_3_gpios_i/processing_system7_0/inst/FCLK_CLK0 | zynq_interrupt_system_3_gpios_i/axi_timer_0/U0/AXI4_LITE_I/I_SLAVE_ATTACHMENT/s_axi_rresp_i                                                                                         | zynq_interrupt_system_3_gpios_i/axi_timer_0/U0/AXI4_LITE_I/I_SLAVE_ATTACHMENT/rst                                                                                          |               32 |             32 |
|  zynq_interrupt_system_3_gpios_i/processing_system7_0/inst/FCLK_CLK0 | zynq_interrupt_system_3_gpios_i/axi_timer_0/U0/TC_CORE_I/TIMER_CONTROL_I/CE_0                                                                                                       | zynq_interrupt_system_3_gpios_i/axi_timer_0/U0/TC_CORE_I/GEN_SECOND_TIMER.COUNTER_1_I/COUNTER_I/s_axi_aresetn_0                                                            |               11 |             32 |
|  zynq_interrupt_system_3_gpios_i/processing_system7_0/inst/FCLK_CLK0 | zynq_interrupt_system_3_gpios_i/axi_timer_0/U0/TC_CORE_I/TIMER_CONTROL_I/CE                                                                                                         | zynq_interrupt_system_3_gpios_i/axi_timer_0/U0/TC_CORE_I/GEN_SECOND_TIMER.COUNTER_1_I/COUNTER_I/s_axi_aresetn_0                                                            |               10 |             32 |
|  zynq_interrupt_system_3_gpios_i/processing_system7_0/inst/FCLK_CLK0 | zynq_interrupt_system_3_gpios_i/axi_timer_0/U0/TC_CORE_I/TIMER_CONTROL_I/INPUT_DOUBLE_REGS3/TCSR0_GENERATE[20].TCSR0_FF_I                                                           | zynq_interrupt_system_3_gpios_i/axi_timer_0/U0/TC_CORE_I/GEN_SECOND_TIMER.COUNTER_1_I/COUNTER_I/s_axi_aresetn_0                                                            |                4 |             32 |
|  zynq_interrupt_system_3_gpios_i/processing_system7_0/inst/FCLK_CLK0 | zynq_interrupt_system_3_gpios_i/axi_timer_0/U0/TC_CORE_I/TIMER_CONTROL_I/INPUT_DOUBLE_REGS3/generateOutPre0_reg                                                                     | zynq_interrupt_system_3_gpios_i/axi_timer_0/U0/TC_CORE_I/GEN_SECOND_TIMER.COUNTER_1_I/COUNTER_I/s_axi_aresetn_0                                                            |                6 |             32 |
|  zynq_interrupt_system_3_gpios_i/processing_system7_0/inst/FCLK_CLK0 | zynq_interrupt_system_3_gpios_i/ps7_0_axi_periph/s00_couplers/auto_pc/inst/gen_axilite.gen_b2s_conv.axilite_b2s/RD.r_channel_0/rd_data_fifo_0/wr_en0                                |                                                                                                                                                                            |                9 |             34 |
|  zynq_interrupt_system_3_gpios_i/processing_system7_0/inst/FCLK_CLK0 | zynq_interrupt_system_3_gpios_i/ps7_0_axi_periph/xbar/inst/gen_sasd.crossbar_sasd_0/addr_arbiter_inst/E[0]                                                                          |                                                                                                                                                                            |                8 |             35 |
|  zynq_interrupt_system_3_gpios_i/processing_system7_0/inst/FCLK_CLK0 |                                                                                                                                                                                     | zynq_interrupt_system_3_gpios_i/axi_gpio_0/U0/bus2ip_reset                                                                                                                 |               13 |             40 |
|  zynq_interrupt_system_3_gpios_i/processing_system7_0/inst/FCLK_CLK0 | zynq_interrupt_system_3_gpios_i/ps7_0_axi_periph/s00_couplers/auto_pc/inst/gen_axilite.gen_b2s_conv.axilite_b2s/SI_REG/r.r_pipe/p_1_in                                              |                                                                                                                                                                            |                8 |             47 |
|  zynq_interrupt_system_3_gpios_i/processing_system7_0/inst/FCLK_CLK0 | zynq_interrupt_system_3_gpios_i/ps7_0_axi_periph/s00_couplers/auto_pc/inst/gen_axilite.gen_b2s_conv.axilite_b2s/SI_REG/r.r_pipe/s_ready_i_reg_0                                     |                                                                                                                                                                            |                8 |             47 |
|  zynq_interrupt_system_3_gpios_i/processing_system7_0/inst/FCLK_CLK0 | zynq_interrupt_system_3_gpios_i/ps7_0_axi_periph/s00_couplers/auto_pc/inst/gen_axilite.gen_b2s_conv.axilite_b2s/WR.aw_channel_0/aw_cmd_fsm_0/m_valid_i_reg_1[0]                     |                                                                                                                                                                            |                8 |             48 |
|  zynq_interrupt_system_3_gpios_i/processing_system7_0/inst/FCLK_CLK0 | zynq_interrupt_system_3_gpios_i/ps7_0_axi_periph/s00_couplers/auto_pc/inst/gen_axilite.gen_b2s_conv.axilite_b2s/RD.ar_channel_0/ar_cmd_fsm_0/FSM_sequential_state_reg[1]_1[0]       |                                                                                                                                                                            |                9 |             48 |
|  zynq_interrupt_system_3_gpios_i/processing_system7_0/inst/FCLK_CLK0 | zynq_interrupt_system_3_gpios_i/ps7_0_axi_periph/s00_couplers/auto_pc/inst/gen_axilite.gen_b2s_conv.axilite_b2s/SI_REG/ar.ar_pipe/s_ready_i_reg_0                                   |                                                                                                                                                                            |               10 |             48 |
|  zynq_interrupt_system_3_gpios_i/processing_system7_0/inst/FCLK_CLK0 | zynq_interrupt_system_3_gpios_i/ps7_0_axi_periph/s00_couplers/auto_pc/inst/gen_axilite.gen_b2s_conv.axilite_b2s/SI_REG/aw.aw_pipe/s_ready_i_reg_0                                   |                                                                                                                                                                            |                8 |             48 |
|  zynq_interrupt_system_3_gpios_i/processing_system7_0/inst/FCLK_CLK0 |                                                                                                                                                                                     |                                                                                                                                                                            |               69 |            224 |
+----------------------------------------------------------------------+-------------------------------------------------------------------------------------------------------------------------------------------------------------------------------------+----------------------------------------------------------------------------------------------------------------------------------------------------------------------------+------------------+----------------+


